
> survey-app@0.1.0 build A:\seismic-survey-app
> next build --webpack

Γû▓ Next.js 16.1.6 (webpack)
- Environments: .env.local

  Creating an optimized production build ...
 Γ£ô (pwa) Compiling for server...
 Γ£ô (pwa) Compiling for server...
 Γ£ô (pwa) Compiling for client (static)...
 Γùï (pwa) Service worker: A:\seismic-survey-app\public\sw.js
 Γùï (pwa)   URL: /sw.js
 Γùï (pwa)   Scope: /
pnpm : Failed to compile.
At line:1 char:1
+ pnpm build 2>&1 | Tee-Object build_output.log | Select-Object -Last 1 ...
+ ~~~~~~~~~~~~~~~
    + CategoryInfo          : NotSpecified: (Failed to compile.:String) [], Re 
   moteException
    + FullyQualifiedErrorId : NativeCommandError
 

./src/app/components/BuildingForm.tsx
Module not found: Can't resolve '@/proforma_schema'

https://nextjs.org/docs/messages/module-not-found


> Build failed because of webpack errors
ΓÇëELIFECYCLEΓÇë Command failed with exit code 1.
